<?xml version="1.0" encoding="UTF-8"?>
<testsuites name="jest tests" tests="7" failures="0" errors="0" time="10.908">
  <testsuite name="我的第一个测试用例" errors="0" failures="0" skipped="0" timestamp="2021-07-15T13:30:23" time="4.885" tests="1">
    <testcase classname="我的第一个测试用例 add(1,2) === 3" name="我的第一个测试用例 add(1,2) === 3" time="0.008">
    </testcase>
  </testsuite>
  <testsuite name="icon" errors="0" failures="0" skipped="0" timestamp="2021-07-15T13:30:23" time="5.154" tests="2">
    <testcase classname="icon render successfully" name="icon render successfully" time="0.031">
    </testcase>
    <testcase classname="icon onClick" name="icon onClick" time="0.097">
    </testcase>
  </testsuite>
  <testsuite name="classes" errors="0" failures="0" skipped="0" timestamp="2021-07-15T13:30:23" time="5.231" tests="4">
    <testcase classname="classes 接受1个 className" name="classes 接受1个 className" time="0.004">
    </testcase>
    <testcase classname="classes 接受2个 className" name="classes 接受2个 className" time="0.001">
    </testcase>
    <testcase classname="classes className 空值判断" name="classes className 空值判断" time="0.001">
    </testcase>
    <testcase classname="classes 不传className" name="classes 不传className" time="0">
    </testcase>
  </testsuite>
</testsuites>